	Command being timed: "./mersennet-state-transition-host --prove-request scripts/zk/e3-2026-10-06/prove-request.json --prove-response scripts/zk/e3-2026-10-06/prove-response.json"
	User time (seconds): 46899.94
	System time (seconds): 2690.44
	Percent of CPU this job got: 1117%
	Elapsed (wall clock) time (h:mm:ss or m:ss): 1:13:57
	Average shared text size (kbytes): 0
	Average unshared data size (kbytes): 0
	Average stack size (kbytes): 0
	Average total size (kbytes): 0
	Maximum resident set size (kbytes): 48863116
	Average resident set size (kbytes): 0
	Major (requiring I/O) page faults: 632
	Minor (reclaiming a frame) page faults: 635851284
	Voluntary context switches: 25219195
	Involuntary context switches: 23377341
	Swaps: 0
	File system inputs: 134392
	File system outputs: 4976
	Socket messages sent: 0
	Socket messages received: 0
	Signals delivered: 0
	Page size (bytes): 4096
	Exit status: 0
4096
	Exit status: 0
