	Command being timed: "./mersennet-state-transition-host --verify-request scripts/zk/e3-2026-10-06/verify-request.json --verify-response scripts/zk/e3-2026-10-06/verify-response.json"
	User time (seconds): 308.80
	System time (seconds): 5.48
	Percent of CPU this job got: 1050%
	Elapsed (wall clock) time (h:mm:ss or m:ss): 0:29.91
	Average shared text size (kbytes): 0
	Average unshared data size (kbytes): 0
	Average stack size (kbytes): 0
	Average total size (kbytes): 0
	Maximum resident set size (kbytes): 7315744
	Average resident set size (kbytes): 0
	Major (requiring I/O) page faults: 54
	Minor (reclaiming a frame) page faults: 2567225
	Voluntary context switches: 7269
	Involuntary context switches: 3605
	Swaps: 0
	File system inputs: 30592
	File system outputs: 8
	Socket messages sent: 0
	Socket messages received: 0
	Signals delivered: 0
	Page size (bytes): 4096
	Exit status: 0
